../Core/Src/main.c:105:5:main	48	static
../Core/Src/main.c:157:6:motor_controller	8	static
../Core/Src/main.c:178:6:Motor_Left	8	static
../Core/Src/main.c:184:6:Motor_Right	8	static
../Core/Src/main.c:189:6:Motor_Forward	8	static
../Core/Src/main.c:195:6:Motor_Backward	8	static
../Core/Src/main.c:200:6:HBridge_Init	24	static
../Core/Src/main.c:206:6:HBridge_Forward	16	static
../Core/Src/main.c:212:6:HBridge_Backward	16	static
../Core/Src/main.c:219:6:PWMController_Init	40	static
../Core/Src/main.c:236:6:SystemClock_Config	72	static
../Core/Src/main.c:271:13:MX_TIM1_Init	72	static
../Core/Src/main.c:340:13:MX_TIM2_Init	64	static
../Core/Src/main.c:399:13:MX_GPIO_Init	32	static
../Core/Src/main.c:433:6:Error_Handler	4	static
