../Core/Src/main.c:106:5:main	48	static
../Core/Src/main.c:158:6:HAL_GPIO_EXTI_Callback	16	static
../Core/Src/main.c:167:6:Motor_Left	8	static
../Core/Src/main.c:173:6:Motor_Right	8	static
../Core/Src/main.c:178:6:Motor_Forward	8	static
../Core/Src/main.c:184:6:Motor_Backward	8	static
../Core/Src/main.c:189:6:HBridge_Init	24	static
../Core/Src/main.c:195:6:HBridge_Forward	16	static
../Core/Src/main.c:201:6:HBridge_Backward	16	static
../Core/Src/main.c:208:6:PWMController_Init	40	static
../Core/Src/main.c:224:6:SystemClock_Config	72	static
../Core/Src/main.c:259:13:MX_TIM1_Init	72	static
../Core/Src/main.c:328:13:MX_TIM2_Init	64	static
../Core/Src/main.c:387:13:MX_GPIO_Init	32	static
../Core/Src/main.c:440:6:Error_Handler	4	static
